Run of pyclosewat.py
A 103 @ 25.892   1.383   7.147 Hbond  2.71 A to A 124 @ 24.499   1.038   9.447
A 105 @ 22.672  13.319  -0.634 Hbond  2.81 A to A 144 @ 20.328  12.367  -1.860
A 108 @ 36.313  19.498  10.026 Hbond  2.93 A to A 209 @ 38.746  21.038  10.578
A 109 @ 31.169  28.538  11.582 Hbond  2.97 A to A 158 @ 32.797  27.437   9.358
A 111 @ 24.019  17.626  19.335 Hbond  2.84 A to A 223 @ 22.730  15.872  21.166
A 112 @ 28.837  22.493  17.645 Hbond  2.79 A to A 140 @ 31.066  23.203  19.158
A 113 @ 24.982  18.824  22.712 Hbond  2.79 A to A 150 @ 25.430  16.066  22.694
A 114 @ 22.072  11.934  18.163 Hbond  2.81 A to A 214 @ 19.707  10.848  17.094
A 115 @ 21.472  14.430  19.410 Hbond  2.60 A to A 223 @ 22.730  15.872  21.166
A 116 @ 29.814   2.332  14.296 Hbond  2.82 A to A 196 @ 31.922   3.037  16.027
A 117 @ 13.073  17.899  12.133 Hbond  2.84 A to A 145 @ 14.547  18.822   9.889
A 118 @ 38.599  14.998  13.198 Hbond  2.78 A to A 222 @ 40.979  15.682  14.456
A 119 @ 17.401  11.018  15.513 Hbond  2.80 A to A 214 @ 19.707  10.848  17.094
A 120 @ 23.063   4.291  16.385 Hbond  2.71 A to A 130 @ 21.048   5.685  17.535
A 121 @ 31.750  25.391   7.735 Hbond  2.81 A to A 158 @ 32.797  27.437   9.358
A 123 @ 16.906  26.232   5.200 Hbond  2.70 A to A 162 @ 14.948  24.377   5.043
A 124 @ 24.499   1.038   9.447 Hbond  2.71 A to A 103 @ 25.892   1.383   7.147
A 125 @ 26.373   6.547  17.370 Hbond  2.76 A to A 139 @ 25.462   8.772  18.717
A 128 @ 36.897  20.944  16.756 Hbond  2.83 A to A 229 @ 35.988  22.552  18.895
A 129 @ 21.229   8.445  17.463 Hbond  2.77 A to A 130 @ 21.048   5.685  17.535
A 130 @ 21.048   5.685  17.535 Hbond  2.71 A to A 120 @ 23.063   4.291  16.385
A 131 @ 32.893  21.143  21.513 Hbond  2.89 A to A 208 @ 31.863  23.733  22.279
A 132 @ 29.496  25.338  21.868 Hbond  2.83 A to A 213 @ 31.259  26.908  20.308
A 133 @ 40.047  18.092  10.885 Hbond  2.77 A to A 171 @ 39.959  18.812   8.208
A 135 @ 11.893  14.679  10.686 Hbond  2.97 A to A 193 @ 12.672  15.855   8.078
A 136 @ 31.865  17.666   2.779 Hbond  2.79 A to A 217 @ 32.844  15.397   1.475
A 137 @ 34.423  16.896   3.859 Hbond  2.72 A to A 207 @ 37.032  17.547   3.425
A 139 @ 25.462   8.772  18.717 Hbond  2.76 A to A 125 @ 26.373   6.547  17.370
A 140 @ 31.066  23.203  19.158 Hbond  2.79 A to A 112 @ 28.837  22.493  17.645
A 141 @ 32.546  25.612  18.185 Hbond  2.80 A to A 213 @ 31.259  26.908  20.308
A 144 @ 20.328  12.367  -1.860 Hbond  2.74 A to A 188 @ 19.522   9.752  -1.914
A 145 @ 14.547  18.822   9.889 Hbond  2.84 A to A 117 @ 13.073  17.899  12.133
A 146 @ 13.178  10.700   5.321 Hbond  2.70 A to A 176 @ 11.448   9.221   6.766
A 147 @ 12.001  13.542   7.012 Hbond  2.63 A to A 193 @ 12.672  15.855   8.078
A 149 @ 38.548  21.337  12.859 clash  2.31 A to A 209 @ 38.746  21.038  10.578
A 150 @ 25.430  16.066  22.694 Hbond  2.79 A to A 113 @ 24.982  18.824  22.712
A 151 @ 40.723  19.397  13.921 Hbond  2.85 A to A 179 @ 42.347  17.440  12.627
A 152 @ 18.760  14.198  19.970 Hbond  2.78 A to A 115 @ 21.472  14.430  19.410
A 153 @ 17.305  19.171  18.489 Hbond  3.03 A to A 160 @ 15.450  17.029  17.429
A 154 @ 14.908  17.362   7.438 Hbond  2.77 A to A 193 @ 12.672  15.855   8.078
A 156 @ 12.266  24.218  17.323 Hbond  2.63 A to A 197 @ 10.500  22.279  17.492
A 158 @ 32.797  27.437   9.358 Hbond  2.81 A to A 121 @ 31.750  25.391   7.735
A 160 @ 15.450  17.029  17.429 Hbond  3.03 A to A 153 @ 17.305  19.171  18.489
A 162 @ 14.948  24.377   5.043 Hbond  2.70 A to A 123 @ 16.906  26.232   5.200
A 163 @ 13.917  31.856   6.794 Hbond  2.79 A to A 204 @ 15.890  33.005   5.196
A 165 @ 18.227  34.120   6.144 Hbond  2.71 A to A 175 @ 19.554  34.368   3.792
A 166 @ 36.433  29.121  13.255 Hbond  2.82 A to A 205 @ 36.414  29.344  16.071
A 169 @ 28.328   0.570   6.109 Hbond  2.77 A to A 103 @ 25.892   1.383   7.147
A 170 @ 35.031  14.251   3.005 Hbond  2.85 A to A 137 @ 34.423  16.896   3.859
A 171 @ 39.959  18.812   8.208 Hbond  2.77 A to A 133 @ 40.047  18.092  10.885
A 173 @ 37.448  13.526   4.629 Hbond  2.79 A to A 181 @ 38.946  15.880   4.789
A 175 @ 19.554  34.368   3.792 Hbond  2.71 A to A 165 @ 18.227  34.120   6.144
A 176 @ 11.448   9.221   6.766 Hbond  2.70 A to A 146 @ 13.178  10.700   5.321
A 178 @ 38.089  23.407  14.617 Hbond  2.75 A to A 149 @ 38.548  21.337  12.859
A 179 @ 42.347  17.440  12.627 Hbond  2.85 A to A 151 @ 40.723  19.397  13.921
A 180 @ 15.092   5.290   7.028 Hbond  2.74 A to A 211 @ 14.441   7.952   7.129
A 181 @ 38.946  15.880   4.789 Hbond  2.79 A to A 173 @ 37.448  13.526   4.629
A 183 @ 37.092  26.707   7.766 Hbond  2.75 A to A 198 @ 35.604  27.278  10.002
A 184 @ 36.104  30.053   9.898 Hbond  2.82 A to A 198 @ 35.604  27.278  10.002
A 185 @ 20.802   6.034   0.347 Hbond  2.59 A to A 210 @ 18.913   7.784   0.076
A 187 @ 35.164   8.070  18.926 Hbond  2.72 A to A 206 @ 33.005   6.882  17.779
A 188 @ 19.522   9.752  -1.914 Hbond  2.74 A to A 144 @ 20.328  12.367  -1.860
A 190 @ 24.926   0.587   4.723 Hbond  2.73 A to A 103 @ 25.892   1.383   7.147
A 191 @ 35.259  26.652   5.629 Hbond  2.82 A to A 183 @ 37.092  26.707   7.766
A 193 @ 12.672  15.855   8.078 Hbond  2.63 A to A 147 @ 12.001  13.542   7.012
A 196 @ 31.922   3.037  16.027 Hbond  2.82 A to A 116 @ 29.814   2.332  14.296
A 197 @ 10.500  22.279  17.492 Hbond  2.63 A to A 156 @ 12.266  24.218  17.323
A 198 @ 35.604  27.278  10.002 Hbond  2.75 A to A 183 @ 37.092  26.707   7.766
A 199 @ 29.251   2.874   4.835 Hbond  2.79 A to A 169 @ 28.328   0.570   6.109
A 204 @ 15.890  33.005   5.196 Hbond  2.76 A to A 165 @ 18.227  34.120   6.144
A 205 @ 36.414  29.344  16.071 Hbond  2.82 A to A 166 @ 36.433  29.121  13.255
A 206 @ 33.005   6.882  17.779 Hbond  2.72 A to A 187 @ 35.164   8.070  18.926
A 207 @ 37.032  17.547   3.425 Hbond  2.72 A to A 137 @ 34.423  16.896   3.859
A 208 @ 31.863  23.733  22.279 Hbond  2.89 A to A 132 @ 29.496  25.338  21.868
A 149 @ 38.746  21.038  10.578 clash  2.31 A to A 149 @ 38.548  21.337  12.859
A 210 @ 18.913   7.784   0.076 Hbond  2.59 A to A 185 @ 20.802   6.034   0.347
A 211 @ 14.441   7.952   7.129 Hbond  2.74 A to A 180 @ 15.092   5.290   7.028
A 213 @ 31.259  26.908  20.308 Hbond  2.80 A to A 141 @ 32.546  25.612  18.185
A 214 @ 19.707  10.848  17.094 Hbond  2.80 A to A 119 @ 17.401  11.018  15.513
A 217 @ 32.844  15.397   1.475 Hbond  2.79 A to A 136 @ 31.865  17.666   2.779
A 218 @ 18.490   4.697  18.318 Hbond  2.85 A to A 130 @ 21.048   5.685  17.535
A 219 @ 39.313  22.177   7.793 Hbond  3.06 A to A 149 @ 38.746  21.038  10.578
A 220 @ 36.349  10.660  19.164 Hbond  2.86 A to A 187 @ 35.164   8.070  18.926
A 222 @ 40.979  15.682  14.456 Hbond  2.78 A to A 118 @ 38.599  14.998  13.198
A 223 @ 22.730  15.872  21.166 Hbond  2.60 A to A 115 @ 21.472  14.430  19.410
A 224 @ 26.780  19.076   0.000 Hbond  2.66 A to A 225 @ 26.190  21.665  -0.218
A 225 @ 26.190  21.665  -0.218 Hbond  2.66 A to A 224 @ 26.780  19.076   0.000
A 226 @ 16.786   9.627  -2.621 Hbond  2.83 A to A 188 @ 19.522   9.752  -1.914
Mean B value for waters = 12.06 (from 129 valid waters)
    129 waters,    643 non-waters
 Water molecules within    2.50 A of neighbors (or    1.50 A of H's)
    Coordinates of Water Distance Renumbered   Original   Nearest Neighbor Atom
       x       y       z               Water      Water  AtomID Renumbered   Original Diagnosis
  39.959  18.812   8.208    2.500  HOH A  52  HOH A 171    OD1   ASP A  23  ASP A  23    bump
  34.592  15.451  21.569    2.396  HOH A  88  HOH A 110    OE2   GLU A  59  GLU A  59    edit
  15.450  17.029  17.429    2.296  HOH A  89  HOH A 160    OE1   GLU A  81  GLU A  81    edit
  21.216  22.329   1.257    2.355  HOH A 127  HOH A 228    O4    SO4 A  84  SO4 A  84    edit
      4 close contacts noted:   1    bump,   3    edit
      0 waters are too far from all neighbors

Final water statistics:
  Total water molecules: 129
  Unmarked waters: 127
  'A' conformers: 1
  'B' conformers: 1
  Other conformers: 0
  Total water positions: 128
     bump: 1
     edit: 3
