Run of /home/alp/Projects/profile-program/work/py-closewat/pyclosewat.py
I  88 @  2.323 -19.638   7.496 clash  2.40 A to I 102 @  4.643 -20.183   7.815
I  93 @ -3.208  -8.404  12.277 clash  2.26 A to I 107 @ -2.814 -10.035  13.791
I  95 @ -8.502 -16.494  17.981 Hbond  3.13 A to I 115 @-10.533 -17.031  20.300
I  96 @ 13.110 -21.154  18.099 Hbond  3.11 A to I 126 @ 13.468 -18.103  17.589
I  97 @ 15.611 -24.679  18.097 Hbond  2.81 A to I 128 @ 18.407 -24.479  17.873
I 102 @  4.643 -20.183   7.815 clash  2.40 A to I 102 @  2.323 -19.638   7.496
I 104 @ 20.049 -19.093  13.191 clash  2.23 A to I 112 @ 19.516 -21.255  13.031
I 105 @ -1.050 -35.346  12.637 clash  2.16 A to I 106 @ -0.528 -37.282  13.452
I 105 @ -0.528 -37.282  13.452 clash  2.16 A to I 105 @ -1.050 -35.346  12.637
I 107 @ -2.814 -10.035  13.791 clash  2.26 A to I 107 @ -3.208  -8.404  12.277
I 109 @  2.064  -5.457  11.942 Hbond  2.89 A to I 125 @  4.800  -4.562  12.199
I 104 @ 19.516 -21.255  13.031 clash  2.23 A to I 104 @ 20.049 -19.093  13.191
I 115 @-10.533 -17.031  20.300 Hbond  3.13 A to I  95 @ -8.502 -16.494  17.981
I 117 @ 19.782 -25.123  22.901 Hbond  2.74 A to I 134 @ 22.150 -25.947  24.001
I 119 @ -5.628 -30.359  22.925 Hbond  2.60 A to I 140 @ -5.065 -32.731  22.028
I 125 @  4.800  -4.562  12.199 Hbond  2.89 A to I 109 @  2.064  -5.457  11.942
I 126 @ 13.468 -18.103  17.589 Hbond  3.11 A to I  96 @ 13.110 -21.154  18.099
I 128 @ 18.407 -24.479  17.873 Hbond  2.81 A to I  97 @ 15.611 -24.679  18.097
I 134 @ 22.150 -25.947  24.001 Hbond  2.74 A to I 117 @ 19.782 -25.123  22.901
I 140 @ -5.065 -32.731  22.028 Hbond  2.60 A to I 119 @ -5.628 -30.359  22.925
I 141 @ -2.568 -32.082  23.071 Hbond  2.78 A to I 140 @ -5.065 -32.731  22.028
Mean B value for waters = 32.19 (from 64 valid waters)
     64 waters,    521 non-waters
 Water molecules within    2.50 A of neighbors (or    1.50 A of H's)
    Coordinates of Water Distance Renumbered   Original   Nearest Neighbor Atom
       x       y       z               Water      Water  AtomID Renumbered   Original Diagnosis
  -8.502 -16.494  17.981    2.495  HOH I   1  HOH I  95    OD2   ASP I  71  ASP I  71    bump
  11.224 -29.647   8.973    2.406  HOH I  44  HOH I 135    O     LYS I  21  LYS I  21    edit
  11.913 -34.478  18.581    2.391  HOH I  46  HOH I 139    O     GLN I  41  GLN I  41    edit
  19.516 -21.255  13.031    2.374 BHOH I  62  HOH I 112    OD2   ASP I  64  ASP I  64    edit
      4 close contacts noted:   1    bump,   3    edit
Waters that are more than     3.90 A from the nearest heteroatom neighbor:
  -3.023  -2.235  18.293    4.891  HOH I  16  HOH I 127    O     HOH I  43  HOH I 129
   4.530 -28.781  -0.047    4.298  HOH I  18  HOH I 138    OE1   GLU I  23  GLU I  23
  21.030 -19.090  21.742    4.834  HOH I  21  HOH I 130    O     HOH I  50  HOH I 113
   5.641 -38.800  22.958    4.419  HOH I  25  HOH I 116    NE2   GLN I  41  GLN I  41
  20.537 -17.890   5.103    4.119  HOH I  27  HOH I  85    NE    ARG I  62  ARG I  62
  13.517 -29.044  26.642    6.194  HOH I  33  HOH I 121    O     HOH I   8  HOH I 120
   1.881 -32.214  22.846    4.457  HOH I  36  HOH I 131    O     HOH I  22  HOH I 141
  13.266 -20.427  23.057    5.013  HOH I  47  HOH I 118    O     HOH I   4  HOH I  96
   1.459 -39.256   4.127    6.431  HOH I  49  HOH I 137    O     HOH I  55  HOH I 136
   2.873 -36.659  17.649    4.118  HOH I  53  HOH I  94    O     HOH I  48  HOH I 114
     10 waters are too far from all neighbors

Final water statistics:
  Total water molecules: 64
  Unmarked waters: 56
  'A' conformers: 4
  'B' conformers: 4
  Other conformers: 0
  Total water positions: 60
     bump: 1
     edit: 3
